===== started 31/08/2026 10:16:45.10 =====  
'/c' is not recognized as an internal or external command,
operable program or batch file.
===== started 31/08/2026 10:19:04.18 =====  

> frontend@0.0.0 dev
> vite


  [32m[1mVITE[22m v8.2.1[39m  [2mready in [0m[1m2440[22m[2m[0m ms[22m

  [32m➜[39m  [1mLocal[22m:   [36mhttp://localhost:[1m5173[22m/[39m
[2m  [32m➜[39m  [1mNetwork[22m[2m: use [22m[1m--host[22m[2m to expose[22m
[2m[32m  ➜[39m[22m[2m  press [22m[1mh + enter[22m[2m to show help[22m
===== started 31/08/2026 10:22:13.17 =====  

> frontend@0.0.0 dev
> vite


  [32m[1mVITE[22m v8.2.1[39m  [2mready in [0m[1m980[22m[2m[0m ms[22m

  [32m➜[39m  [1mLocal[22m:   [36mhttp://localhost:[1m5173[22m/[39m
[2m  [32m➜[39m  [1mNetwork[22m[2m: use [22m[1m--host[22m[2m to expose[22m
[2m[32m  ➜[39m[22m[2m  press [22m[1mh + enter[22m[2m to show help[22m
[2m10:22:15[22m [31m[1m[vite][22m[39m [31mhttp proxy error: /api/inventory/phones[39m
AggregateError [ECONNREFUSED]: 
    at internalConnectMultiple (node:net:1339:18)
    at afterConnectMultiple (node:net:1942:7)
[2m10:22:15[22m [31m[1m[vite][22m[39m [31mhttp proxy error: /api/inventory/accessories[39m
AggregateError [ECONNREFUSED]: 
    at internalConnectMultiple (node:net:1339:18)
    at afterConnectMultiple (node:net:1942:7)
===== started 31/08/2026 10:23:11.92 =====  

> frontend@0.0.0 dev
> vite


  [32m[1mVITE[22m v8.2.1[39m  [2mready in [0m[1m1386[22m[2m[0m ms[22m

  [32m➜[39m  [1mLocal[22m:   [36mhttp://localhost:[1m5173[22m/[39m
[2m  [32m➜[39m  [1mNetwork[22m[2m: use [22m[1m--host[22m[2m to expose[22m
[2m[32m  ➜[39m[22m[2m  press [22m[1mh + enter[22m[2m to show help[22m
===== started 31/08/2026 10:29:51.11 =====  

> frontend@0.0.0 dev
> vite


  [32m[1mVITE[22m v8.2.1[39m  [2mready in [0m[1m1155[22m[2m[0m ms[22m

  [32m➜[39m  [1mLocal[22m:   [36mhttp://localhost:[1m5173[22m/[39m
[2m  [32m➜[39m  [1mNetwork[22m[2m: use [22m[1m--host[22m[2m to expose[22m
[2m[32m  ➜[39m[22m[2m  press [22m[1mh + enter[22m[2m to show help[22m
[2m10:29:53[22m [31m[1m[vite][22m[39m [31mhttp proxy error: /api/dashboard?tzOffset=-330[39m
AggregateError [ECONNREFUSED]: 
    at internalConnectMultiple (node:net:1339:18)
    at afterConnectMultiple (node:net:1942:7)
[2m11:02:20[22m [36m[1m[vite][22m[39m [90m[2m(client)[22m[39m [32mhmr update [39m[2m/src/App.jsx, /src/index.css[22m
[2m11:02:20[22m [36m[1m[vite][22m[39m [90m[2m(client)[22m[39m [32mhmr update [39m[2m/src/App.jsx, /src/index.css[22m
[2m11:02:26[22m [36m[1m[vite][22m[39m [90m[2m(client)[22m[39m [32mhmr update [39m[2m/src/App.jsx, /src/index.css[22m
[2m11:02:43[22m [36m[1m[vite][22m[39m [90m[2m(client)[22m[39m [32mhmr update [39m[2m/src/App.jsx, /src/index.css[22m
[2m11:02:48[22m [36m[1m[vite][22m[39m [90m[2m(client)[22m[39m [32mhmr update [39m[2m/src/App.jsx, /src/index.css[22m
[2m11:03:02[22m [36m[1m[vite][22m[39m [90m[2m(client)[22m[39m [32mhmr update [39m[2m/src/App.jsx, /src/index.css[22m
[2m11:04:44[22m [36m[1m[vite][22m[39m [90m[2m(client)[22m[39m [32mhmr update [39m[2m/src/index.css, /src/pages/ManageStoragePage.jsx[22m
[2m11:15:31[22m [31m[1m[vite][22m[39m [31mhttp proxy error: /api/inventory/phones[39m
AggregateError [ECONNREFUSED]: 
    at internalConnectMultiple (node:net:1339:18)
    at afterConnectMultiple (node:net:1942:7)
[2m11:15:31[22m [31m[1m[vite][22m[39m [31mhttp proxy error: /api/inventory/accessories[39m
AggregateError [ECONNREFUSED]: 
    at internalConnectMultiple (node:net:1339:18)
    at afterConnectMultiple (node:net:1942:7)
[2m11:15:31[22m [31m[1m[vite][22m[39m [31mhttp proxy error: /api/inventory/phones[39m
AggregateError [ECONNREFUSED]: 
    at internalConnectMultiple (node:net:1339:18)
    at afterConnectMultiple (node:net:1942:7)
[2m11:15:31[22m [36m[1m[vite][22m[39m [90m[2m(client)[22m[39m [32mhmr update [39m[2m/src/index.css, /src/pages/ManageStoragePage.jsx[22m
[2m11:15:33[22m [31m[1m[vite][22m[39m [31mhttp proxy error: /api/inventory/accessories[39m
AggregateError [ECONNREFUSED]: 
    at internalConnectMultiple (node:net:1339:18)
    at afterConnectMultiple (node:net:1942:7)
[2m11:15:33[22m [31m[1m[vite][22m[39m [31mhttp proxy error: /api/storage[39m
AggregateError [ECONNREFUSED]: 
    at internalConnectMultiple (node:net:1339:18)
    at afterConnectMultiple (node:net:1942:7)
[2m11:15:33[22m [31m[1m[vite][22m[39m [31mhttp proxy error: /api/storage[39m
AggregateError [ECONNREFUSED]: 
    at internalConnectMultiple (node:net:1339:18)
    at afterConnectMultiple (node:net:1942:7)
[2m11:48:41[22m [36m[1m[vite][22m[39m [90m[2m(client)[22m[39m [32mhmr update [39m[2m/src/index.css, /src/pages/ManageStoragePage.jsx[22m
[2m11:49:09[22m [36m[1m[vite][22m[39m [90m[2m(client)[22m[39m [32mhmr update [39m[2m/src/index.css, /src/pages/ManageStoragePage.jsx[22m
[2m11:49:09[22m [36m[1m[vite][22m[39m [90m[2m(client)[22m[39m [32mhmr update [39m[2m/src/index.css, /src/pages/ManageStoragePage.jsx[22m
[2m11:50:16[22m [36m[1m[vite][22m[39m [90m[2m(client)[22m[39m [32mhmr update [39m[2m/src/index.css, /src/pages/ManageStoragePage.jsx[22m
[2m11:50:31[22m [36m[1m[vite][22m[39m [90m[2m(client)[22m[39m [32mhmr update [39m[2m/src/index.css, /src/pages/ManageStoragePage.jsx[22m
[2m11:51:01[22m [36m[1m[vite][22m[39m [90m[2m(client)[22m[39m [32mhmr update [39m[2m/src/index.css, /src/pages/ManageStoragePage.jsx[22m
[2m11:51:02[22m [31m[1m[vite][22m[39m [31mInternal server error: Transform failed with 1 error:

[31m[PARSE_ERROR] [0mUnexpected token
     [38;5;246m╭[0m[38;5;246m─[0m[38;5;246m[[0m src/pages/ManageStoragePage.jsx:136:27 [38;5;246m][0m
     [38;5;246m│[0m
 [38;5;246m136 │[0m [38;5;249mf[0m[38;5;249mu[0m[38;5;249mn[0m[38;5;249mc[0m[38;5;249mt[0m[38;5;249mi[0m[38;5;249mo[0m[38;5;249mn[0m[38;5;249m [0m[38;5;249mC[0m[38;5;249ml[0m[38;5;249me[0m[38;5;249ma[0m[38;5;249mr[0m[38;5;249mS[0m[38;5;249mt[0m[38;5;249mo[0m[38;5;249mr[0m[38;5;249ma[0m[38;5;249mg[0m[38;5;249me[0m[38;5;249mM[0m[38;5;249mo[0m[38;5;249md[0m[38;5;249ma[0m[38;5;249ml[0m([38;5;249m{[0m[38;5;249m [0m[38;5;249ms[0m[38;5;249me[0m[38;5;249mc[0m[38;5;249mt[0m[38;5;249mi[0m[38;5;249mo[0m[38;5;249mn[0m[38;5;249m,[0m[38;5;249m [0m[38;5;249mo[0m[38;5;249mn[0m[38;5;249mC[0m[38;5;249ml[0m[38;5;249mo[0m[38;5;249ms[0m[38;5;249me[0m[38;5;249m,[0m[38;5;249m [0m[38;5;249mo[0m[38;5;249mn[0m[38;5;249mC[0m[38;5;249mo[0m[38;5;249mn[0m[38;5;249mf[0m[38;5;249mi[0m[38;5;249mr[0m[38;5;249mm[0m[38;5;249m [0m[38;5;249m}[0m[38;5;249m)[0m[38;5;249m [0m[38;5;249m{[0m
 [38;5;240m    │[0m                           ┬  
 [38;5;240m    │[0m                           ╰── 
[38;5;246m─────╯[0m
[39m
  Plugin: [35mvite:oxc[39m
  File: [36mD:/Nangi/POS/frontend/src/pages/ManageStoragePage.jsx[39m
      at transformWithOxc (file:///D:/Nangi/POS/frontend/node_modules/vite/dist/node/chunks/node.js:4097:19)
      at TransformPluginContext.transform (file:///D:/Nangi/POS/frontend/node_modules/vite/dist/node/chunks/node.js:4168:26)
      at EnvironmentPluginContainer.transform (file:///D:/Nangi/POS/frontend/node_modules/vite/dist/node/chunks/node.js:30851:51)
      at async loadAndTransform (file:///D:/Nangi/POS/frontend/node_modules/vite/dist/node/chunks/node.js:20619:26)
      at async viteTransformMiddleware (file:///D:/Nangi/POS/frontend/node_modules/vite/dist/node/chunks/node.js:25142:20)
[2m11:51:27[22m [36m[1m[vite][22m[39m [90m[2m(client)[22m[39m [32mhmr update [39m[2m/src/index.css, /src/pages/ManageStoragePage.jsx[22m
[2m11:51:27[22m [31m[1m[vite][22m[39m [31mInternal server error: Transform failed with 1 error:

[31m[PARSE_ERROR] [0mUnexpected token
     [38;5;246m╭[0m[38;5;246m─[0m[38;5;246m[[0m src/pages/ManageStoragePage.jsx:136:27 [38;5;246m][0m
     [38;5;246m│[0m
 [38;5;246m136 │[0m [38;5;249mf[0m[38;5;249mu[0m[38;5;249mn[0m[38;5;249mc[0m[38;5;249mt[0m[38;5;249mi[0m[38;5;249mo[0m[38;5;249mn[0m[38;5;249m [0m[38;5;249mC[0m[38;5;249ml[0m[38;5;249me[0m[38;5;249ma[0m[38;5;249mr[0m[38;5;249mS[0m[38;5;249mt[0m[38;5;249mo[0m[38;5;249mr[0m[38;5;249ma[0m[38;5;249mg[0m[38;5;249me[0m[38;5;249mM[0m[38;5;249mo[0m[38;5;249md[0m[38;5;249ma[0m[38;5;249ml[0m([38;5;249m{[0m[38;5;249m [0m[38;5;249ms[0m[38;5;249me[0m[38;5;249mc[0m[38;5;249mt[0m[38;5;249mi[0m[38;5;249mo[0m[38;5;249mn[0m[38;5;249m,[0m[38;5;249m [0m[38;5;249mo[0m[38;5;249mn[0m[38;5;249mC[0m[38;5;249ml[0m[38;5;249mo[0m[38;5;249ms[0m[38;5;249me[0m[38;5;249m,[0m[38;5;249m [0m[38;5;249mo[0m[38;5;249mn[0m[38;5;249mC[0m[38;5;249mo[0m[38;5;249mn[0m[38;5;249mf[0m[38;5;249mi[0m[38;5;249mr[0m[38;5;249mm[0m[38;5;249m [0m[38;5;249m}[0m[38;5;249m)[0m[38;5;249m [0m[38;5;249m{[0m
 [38;5;240m    │[0m                           ┬  
 [38;5;240m    │[0m                           ╰── 
[38;5;246m─────╯[0m
[39m
  Plugin: [35mvite:oxc[39m
  File: [36mD:/Nangi/POS/frontend/src/pages/ManageStoragePage.jsx[39m
      at transformWithOxc (file:///D:/Nangi/POS/frontend/node_modules/vite/dist/node/chunks/node.js:4097:19)
      at TransformPluginContext.transform (file:///D:/Nangi/POS/frontend/node_modules/vite/dist/node/chunks/node.js:4168:26)
      at EnvironmentPluginContainer.transform (file:///D:/Nangi/POS/frontend/node_modules/vite/dist/node/chunks/node.js:30851:51)
      at async loadAndTransform (file:///D:/Nangi/POS/frontend/node_modules/vite/dist/node/chunks/node.js:20619:26)
      at async viteTransformMiddleware (file:///D:/Nangi/POS/frontend/node_modules/vite/dist/node/chunks/node.js:25142:20)
[2m11:51:44[22m [36m[1m[vite][22m[39m [90m[2m(client)[22m[39m [32mhmr update [39m[2m/src/index.css, /src/pages/ManageStoragePage.jsx[22m
[2m11:51:44[22m [31m[1m[vite][22m[39m [31mInternal server error: Transform failed with 1 error:

[31m[PARSE_ERROR] [0mUnexpected token
     [38;5;246m╭[0m[38;5;246m─[0m[38;5;246m[[0m src/pages/ManageStoragePage.jsx:136:27 [38;5;246m][0m
     [38;5;246m│[0m
 [38;5;246m136 │[0m [38;5;249mf[0m[38;5;249mu[0m[38;5;249mn[0m[38;5;249mc[0m[38;5;249mt[0m[38;5;249mi[0m[38;5;249mo[0m[38;5;249mn[0m[38;5;249m [0m[38;5;249mC[0m[38;5;249ml[0m[38;5;249me[0m[38;5;249ma[0m[38;5;249mr[0m[38;5;249mS[0m[38;5;249mt[0m[38;5;249mo[0m[38;5;249mr[0m[38;5;249ma[0m[38;5;249mg[0m[38;5;249me[0m[38;5;249mM[0m[38;5;249mo[0m[38;5;249md[0m[38;5;249ma[0m[38;5;249ml[0m([38;5;249m{[0m[38;5;249m [0m[38;5;249ms[0m[38;5;249me[0m[38;5;249mc[0m[38;5;249mt[0m[38;5;249mi[0m[38;5;249mo[0m[38;5;249mn[0m[38;5;249m,[0m[38;5;249m [0m[38;5;249mo[0m[38;5;249mn[0m[38;5;249mC[0m[38;5;249ml[0m[38;5;249mo[0m[38;5;249ms[0m[38;5;249me[0m[38;5;249m,[0m[38;5;249m [0m[38;5;249mo[0m[38;5;249mn[0m[38;5;249mC[0m[38;5;249mo[0m[38;5;249mn[0m[38;5;249mf[0m[38;5;249mi[0m[38;5;249mr[0m[38;5;249mm[0m[38;5;249m [0m[38;5;249m}[0m[38;5;249m)[0m[38;5;249m [0m[38;5;249m{[0m
 [38;5;240m    │[0m                           ┬  
 [38;5;240m    │[0m                           ╰── 
[38;5;246m─────╯[0m
[39m
  Plugin: [35mvite:oxc[39m
  File: [36mD:/Nangi/POS/frontend/src/pages/ManageStoragePage.jsx[39m
      at transformWithOxc (file:///D:/Nangi/POS/frontend/node_modules/vite/dist/node/chunks/node.js:4097:19)
      at TransformPluginContext.transform (file:///D:/Nangi/POS/frontend/node_modules/vite/dist/node/chunks/node.js:4168:26)
      at EnvironmentPluginContainer.transform (file:///D:/Nangi/POS/frontend/node_modules/vite/dist/node/chunks/node.js:30851:51)
      at async loadAndTransform (file:///D:/Nangi/POS/frontend/node_modules/vite/dist/node/chunks/node.js:20619:26)
      at async viteTransformMiddleware (file:///D:/Nangi/POS/frontend/node_modules/vite/dist/node/chunks/node.js:25142:20)
[2m11:52:13[22m [36m[1m[vite][22m[39m [90m[2m(client)[22m[39m [32mhmr update [39m[2m/src/index.css, /src/pages/ManageStoragePage.jsx[22m
[2m11:52:14[22m [31m[1m[vite][22m[39m [31mInternal server error: Transform failed with 1 error:

[31m[PARSE_ERROR] [0mUnexpected token
     [38;5;246m╭[0m[38;5;246m─[0m[38;5;246m[[0m src/pages/ManageStoragePage.jsx:136:27 [38;5;246m][0m
     [38;5;246m│[0m
 [38;5;246m136 │[0m [38;5;249mf[0m[38;5;249mu[0m[38;5;249mn[0m[38;5;249mc[0m[38;5;249mt[0m[38;5;249mi[0m[38;5;249mo[0m[38;5;249mn[0m[38;5;249m [0m[38;5;249mC[0m[38;5;249ml[0m[38;5;249me[0m[38;5;249ma[0m[38;5;249mr[0m[38;5;249mS[0m[38;5;249mt[0m[38;5;249mo[0m[38;5;249mr[0m[38;5;249ma[0m[38;5;249mg[0m[38;5;249me[0m[38;5;249mM[0m[38;5;249mo[0m[38;5;249md[0m[38;5;249ma[0m[38;5;249ml[0m([38;5;249m{[0m[38;5;249m [0m[38;5;249ms[0m[38;5;249me[0m[38;5;249mc[0m[38;5;249mt[0m[38;5;249mi[0m[38;5;249mo[0m[38;5;249mn[0m[38;5;249m,[0m[38;5;249m [0m[38;5;249mo[0m[38;5;249mn[0m[38;5;249mC[0m[38;5;249ml[0m[38;5;249mo[0m[38;5;249ms[0m[38;5;249me[0m[38;5;249m,[0m[38;5;249m [0m[38;5;249mo[0m[38;5;249mn[0m[38;5;249mC[0m[38;5;249mo[0m[38;5;249mn[0m[38;5;249mf[0m[38;5;249mi[0m[38;5;249mr[0m[38;5;249mm[0m[38;5;249m [0m[38;5;249m}[0m[38;5;249m)[0m[38;5;249m [0m[38;5;249m{[0m
 [38;5;240m    │[0m                           ┬  
 [38;5;240m    │[0m                           ╰── 
[38;5;246m─────╯[0m
[39m
  Plugin: [35mvite:oxc[39m
  File: [36mD:/Nangi/POS/frontend/src/pages/ManageStoragePage.jsx[39m
      at transformWithOxc (file:///D:/Nangi/POS/frontend/node_modules/vite/dist/node/chunks/node.js:4097:19)
      at TransformPluginContext.transform (file:///D:/Nangi/POS/frontend/node_modules/vite/dist/node/chunks/node.js:4168:26)
      at EnvironmentPluginContainer.transform (file:///D:/Nangi/POS/frontend/node_modules/vite/dist/node/chunks/node.js:30851:51)
      at async loadAndTransform (file:///D:/Nangi/POS/frontend/node_modules/vite/dist/node/chunks/node.js:20619:26)
      at async viteTransformMiddleware (file:///D:/Nangi/POS/frontend/node_modules/vite/dist/node/chunks/node.js:25142:20)
[2m11:52:18[22m [36m[1m[vite][22m[39m [90m[2m(client)[22m[39m [32mhmr update [39m[2m/src/index.css, /src/pages/ManageStoragePage.jsx[22m
[2m11:52:18[22m [31m[1m[vite][22m[39m [31mInternal server error: Transform failed with 1 error:

[31m[PARSE_ERROR] [0mUnexpected token
     [38;5;246m╭[0m[38;5;246m─[0m[38;5;246m[[0m src/pages/ManageStoragePage.jsx:136:27 [38;5;246m][0m
     [38;5;246m│[0m
 [38;5;246m136 │[0m [38;5;249mf[0m[38;5;249mu[0m[38;5;249mn[0m[38;5;249mc[0m[38;5;249mt[0m[38;5;249mi[0m[38;5;249mo[0m[38;5;249mn[0m[38;5;249m [0m[38;5;249mC[0m[38;5;249ml[0m[38;5;249me[0m[38;5;249ma[0m[38;5;249mr[0m[38;5;249mS[0m[38;5;249mt[0m[38;5;249mo[0m[38;5;249mr[0m[38;5;249ma[0m[38;5;249mg[0m[38;5;249me[0m[38;5;249mM[0m[38;5;249mo[0m[38;5;249md[0m[38;5;249ma[0m[38;5;249ml[0m([38;5;249m{[0m[38;5;249m [0m[38;5;249ms[0m[38;5;249me[0m[38;5;249mc[0m[38;5;249mt[0m[38;5;249mi[0m[38;5;249mo[0m[38;5;249mn[0m[38;5;249m,[0m[38;5;249m [0m[38;5;249mo[0m[38;5;249mn[0m[38;5;249mC[0m[38;5;249ml[0m[38;5;249mo[0m[38;5;249ms[0m[38;5;249me[0m[38;5;249m,[0m[38;5;249m [0m[38;5;249mo[0m[38;5;249mn[0m[38;5;249mC[0m[38;5;249mo[0m[38;5;249mn[0m[38;5;249mf[0m[38;5;249mi[0m[38;5;249mr[0m[38;5;249mm[0m[38;5;249m [0m[38;5;249m}[0m[38;5;249m)[0m[38;5;249m [0m[38;5;249m{[0m
 [38;5;240m    │[0m                           ┬  
 [38;5;240m    │[0m                           ╰── 
[38;5;246m─────╯[0m
[39m
  Plugin: [35mvite:oxc[39m
  File: [36mD:/Nangi/POS/frontend/src/pages/ManageStoragePage.jsx[39m
      at transformWithOxc (file:///D:/Nangi/POS/frontend/node_modules/vite/dist/node/chunks/node.js:4097:19)
      at TransformPluginContext.transform (file:///D:/Nangi/POS/frontend/node_modules/vite/dist/node/chunks/node.js:4168:26)
      at EnvironmentPluginContainer.transform (file:///D:/Nangi/POS/frontend/node_modules/vite/dist/node/chunks/node.js:30851:51)
      at async loadAndTransform (file:///D:/Nangi/POS/frontend/node_modules/vite/dist/node/chunks/node.js:20619:26)
      at async viteTransformMiddleware (file:///D:/Nangi/POS/frontend/node_modules/vite/dist/node/chunks/node.js:25142:20)
[2m11:52:23[22m [36m[1m[vite][22m[39m [90m[2m(client)[22m[39m [32mhmr update [39m[2m/src/index.css, /src/pages/ManageStoragePage.jsx[22m
[2m11:52:23[22m [31m[1m[vite][22m[39m [31mInternal server error: Transform failed with 1 error:

[31m[PARSE_ERROR] [0mUnexpected token
     [38;5;246m╭[0m[38;5;246m─[0m[38;5;246m[[0m src/pages/ManageStoragePage.jsx:136:27 [38;5;246m][0m
     [38;5;246m│[0m
 [38;5;246m136 │[0m [38;5;249mf[0m[38;5;249mu[0m[38;5;249mn[0m[38;5;249mc[0m[38;5;249mt[0m[38;5;249mi[0m[38;5;249mo[0m[38;5;249mn[0m[38;5;249m [0m[38;5;249mC[0m[38;5;249ml[0m[38;5;249me[0m[38;5;249ma[0m[38;5;249mr[0m[38;5;249mS[0m[38;5;249mt[0m[38;5;249mo[0m[38;5;249mr[0m[38;5;249ma[0m[38;5;249mg[0m[38;5;249me[0m[38;5;249mM[0m[38;5;249mo[0m[38;5;249md[0m[38;5;249ma[0m[38;5;249ml[0m([38;5;249m{[0m[38;5;249m [0m[38;5;249ms[0m[38;5;249me[0m[38;5;249mc[0m[38;5;249mt[0m[38;5;249mi[0m[38;5;249mo[0m[38;5;249mn[0m[38;5;249m,[0m[38;5;249m [0m[38;5;249mo[0m[38;5;249mn[0m[38;5;249mC[0m[38;5;249ml[0m[38;5;249mo[0m[38;5;249ms[0m[38;5;249me[0m[38;5;249m,[0m[38;5;249m [0m[38;5;249mo[0m[38;5;249mn[0m[38;5;249mC[0m[38;5;249mo[0m[38;5;249mn[0m[38;5;249mf[0m[38;5;249mi[0m[38;5;249mr[0m[38;5;249mm[0m[38;5;249m [0m[38;5;249m}[0m[38;5;249m)[0m[38;5;249m [0m[38;5;249m{[0m
 [38;5;240m    │[0m                           ┬  
 [38;5;240m    │[0m                           ╰── 
[38;5;246m─────╯[0m
[39m
  Plugin: [35mvite:oxc[39m
  File: [36mD:/Nangi/POS/frontend/src/pages/ManageStoragePage.jsx[39m
      at transformWithOxc (file:///D:/Nangi/POS/frontend/node_modules/vite/dist/node/chunks/node.js:4097:19)
      at TransformPluginContext.transform (file:///D:/Nangi/POS/frontend/node_modules/vite/dist/node/chunks/node.js:4168:26)
      at EnvironmentPluginContainer.transform (file:///D:/Nangi/POS/frontend/node_modules/vite/dist/node/chunks/node.js:30851:51)
      at async loadAndTransform (file:///D:/Nangi/POS/frontend/node_modules/vite/dist/node/chunks/node.js:20619:26)
      at async viteTransformMiddleware (file:///D:/Nangi/POS/frontend/node_modules/vite/dist/node/chunks/node.js:25142:20)
[2m11:59:32[22m [36m[1m[vite][22m[39m [90m[2m(client)[22m[39m [32mhmr update [39m[2m/src/index.css, /src/pages/ManageStoragePage.jsx[22m
[2m11:59:33[22m [31m[1m[vite][22m[39m [31mInternal server error: Transform failed with 1 error:

[31m[PARSE_ERROR] [0mUnexpected token
     [38;5;246m╭[0m[38;5;246m─[0m[38;5;246m[[0m src/pages/ManageStoragePage.jsx:136:27 [38;5;246m][0m
     [38;5;246m│[0m
 [38;5;246m136 │[0m [38;5;249mf[0m[38;5;249mu[0m[38;5;249mn[0m[38;5;249mc[0m[38;5;249mt[0m[38;5;249mi[0m[38;5;249mo[0m[38;5;249mn[0m[38;5;249m [0m[38;5;249mC[0m[38;5;249ml[0m[38;5;249me[0m[38;5;249ma[0m[38;5;249mr[0m[38;5;249mS[0m[38;5;249mt[0m[38;5;249mo[0m[38;5;249mr[0m[38;5;249ma[0m[38;5;249mg[0m[38;5;249me[0m[38;5;249mM[0m[38;5;249mo[0m[38;5;249md[0m[38;5;249ma[0m[38;5;249ml[0m([38;5;249m{[0m[38;5;249m [0m[38;5;249ms[0m[38;5;249me[0m[38;5;249mc[0m[38;5;249mt[0m[38;5;249mi[0m[38;5;249mo[0m[38;5;249mn[0m[38;5;249m,[0m[38;5;249m [0m[38;5;249mo[0m[38;5;249mn[0m[38;5;249mC[0m[38;5;249ml[0m[38;5;249mo[0m[38;5;249ms[0m[38;5;249me[0m[38;5;249m,[0m[38;5;249m [0m[38;5;249mo[0m[38;5;249mn[0m[38;5;249mC[0m[38;5;249mo[0m[38;5;249mn[0m[38;5;249mf[0m[38;5;249mi[0m[38;5;249mr[0m[38;5;249mm[0m[38;5;249m [0m[38;5;249m}[0m[38;5;249m)[0m[38;5;249m [0m[38;5;249m{[0m
 [38;5;240m    │[0m                           ┬  
 [38;5;240m    │[0m                           ╰── 
[38;5;246m─────╯[0m
[39m
  Plugin: [35mvite:oxc[39m
  File: [36mD:/Nangi/POS/frontend/src/pages/ManageStoragePage.jsx[39m
      at transformWithOxc (file:///D:/Nangi/POS/frontend/node_modules/vite/dist/node/chunks/node.js:4097:19)
      at TransformPluginContext.transform (file:///D:/Nangi/POS/frontend/node_modules/vite/dist/node/chunks/node.js:4168:26)
      at EnvironmentPluginContainer.transform (file:///D:/Nangi/POS/frontend/node_modules/vite/dist/node/chunks/node.js:30851:51)
      at async loadAndTransform (file:///D:/Nangi/POS/frontend/node_modules/vite/dist/node/chunks/node.js:20619:26)
      at async viteTransformMiddleware (file:///D:/Nangi/POS/frontend/node_modules/vite/dist/node/chunks/node.js:25142:20)
[2m12:01:54[22m [36m[1m[vite][22m[39m [90m[2m(client)[22m[39m [32mhmr update [39m[2m/src/index.css, /src/pages/ManageStoragePage.jsx[22m
[2m12:01:54[22m [31m[1m[vite][22m[39m [31mInternal server error: Transform failed with 1 error:

[31m[PARSE_ERROR] [0mUnexpected token
     [38;5;246m╭[0m[38;5;246m─[0m[38;5;246m[[0m src/pages/ManageStoragePage.jsx:268:18 [38;5;246m][0m
     [38;5;246m│[0m
 [38;5;246m268 │[0m [38;5;249m [0m[38;5;249m [0m[38;5;249m [0m[38;5;249m [0m[38;5;249m [0m[38;5;249m [0m[38;5;249m [0m[38;5;249m [0m[38;5;249m [0m[38;5;249m [0m[38;5;249ms[0m[38;5;249mt[0m[38;5;249my[0m[38;5;249ml[0m[38;5;249me[0m[38;5;249m=[0m[38;5;249m{[0m{[38;5;249m [0m[38;5;249mw[0m[38;5;249mi[0m[38;5;249md[0m[38;5;249mt[0m[38;5;249mh[0m[38;5;249m:[0m[38;5;249m [0m[38;5;249m`[0m[38;5;249m$[0m[38;5;249m{[0m[38;5;249ms[0m[38;5;249mh[0m[38;5;249ma[0m[38;5;249mr[0m[38;5;249me[0m[38;5;249mP[0m[38;5;249mc[0m[38;5;249mt[0m[38;5;249m}[0m[38;5;249m%[0m[38;5;249m`[0m[38;5;249m [0m[38;5;249m}[0m[38;5;249m}[0m
 [38;5;240m    │[0m                  ┬  
 [38;5;240m    │[0m                  ╰── 
[38;5;246m─────╯[0m
[39m
  Plugin: [35mvite:oxc[39m
  File: [36mD:/Nangi/POS/frontend/src/pages/ManageStoragePage.jsx[39m
      at transformWithOxc (file:///D:/Nangi/POS/frontend/node_modules/vite/dist/node/chunks/node.js:4097:19)
      at TransformPluginContext.transform (file:///D:/Nangi/POS/frontend/node_modules/vite/dist/node/chunks/node.js:4168:26)
      at EnvironmentPluginContainer.transform (file:///D:/Nangi/POS/frontend/node_modules/vite/dist/node/chunks/node.js:30851:51)
      at async loadAndTransform (file:///D:/Nangi/POS/frontend/node_modules/vite/dist/node/chunks/node.js:20619:26)
      at async viteTransformMiddleware (file:///D:/Nangi/POS/frontend/node_modules/vite/dist/node/chunks/node.js:25142:20)
[2m12:01:59[22m [36m[1m[vite][22m[39m [90m[2m(client)[22m[39m [32mhmr update [39m[2m/src/index.css, /src/pages/ManageStoragePage.jsx[22m
[2m14:17:25[22m [36m[1m[vite][22m[39m [90m[2m(client)[22m[39m [32mhmr update [39m[2m/src/index.css, /src/pages/ManageStoragePage.jsx[22m
[2m16:49:52[22m [36m[1m[vite][22m[39m [90m[2m(client)[22m[39m [32mhmr update [39m[2m/src/App.jsx, /src/index.css[22m
[2m16:49:58[22m [36m[1m[vite][22m[39m [90m[2m(client)[22m[39m [32mhmr update [39m[2m/src/App.jsx, /src/index.css[22m
[2m16:54:35[22m [36m[1m[vite][22m[39m [90m[2m(client)[22m[39m [32mhmr update [39m[2m/src/components/LocalDbWarningBanner.jsx, /src/index.css[22m
[2m16:54:40[22m [36m[1m[vite][22m[39m [90m[2m(client)[22m[39m [32mhmr update [39m[2m/src/components/LocalDbWarningBanner.jsx, /src/index.css[22m
[2m16:54:58[22m [36m[1m[vite][22m[39m [90m[2m(client)[22m[39m [32mhmr update [39m[2m/src/components/LocalDbWarningBanner.jsx, /src/index.css[22m
[2m16:55:04[22m [36m[1m[vite][22m[39m [90m[2m(client)[22m[39m [32mhmr update [39m[2m/src/components/LocalDbWarningBanner.jsx, /src/index.css[22m
[2m16:55:04[22m [36m[1m[vite][22m[39m [90m[2m(client)[22m[39m [32mhmr update [39m[2m/src/components/LocalDbWarningBanner.jsx, /src/index.css[22m
[2m07:27:18[22m [36m[1m[vite][22m[39m [90m[2m(client)[22m[39m [32mhmr update [39m[2m/src/index.css, /src/pages/SalesPage.jsx, /src/pages/ReportsPage.jsx, /src/pages/SettingsPage.jsx, /src/components/RefundModal.jsx[22m
[2m07:27:23[22m [36m[1m[vite][22m[39m [90m[2m(client)[22m[39m [32mhmr update [39m[2m/src/index.css, /src/pages/SalesPage.jsx, /src/pages/ReportsPage.jsx, /src/pages/SettingsPage.jsx, /src/components/RefundModal.jsx[22m
[2m12:14:17[22m [36m[1m[vite][22m[39m [90m[2m(client)[22m[39m [32mhmr update [39m[2m/src/pages/SalesPage.jsx, /src/index.css[22m
[2m12:14:40[22m [36m[1m[vite][22m[39m [90m[2m(client)[22m[39m [32mhmr update [39m[2m/src/pages/SalesPage.jsx, /src/index.css[22m
[2m12:14:59[22m [36m[1m[vite][22m[39m [90m[2m(client)[22m[39m [32mhmr update [39m[2m/src/pages/SalesPage.jsx, /src/index.css[22m
[2m12:15:00[22m [36m[1m[vite][22m[39m [90m[2m(client)[22m[39m [32mhmr update [39m[2m/src/pages/SalesPage.jsx, /src/index.css[22m
[2m09:04:31[22m [36m[1m[vite][22m[39m [90m[2m(client)[22m[39m [32mhmr update [39m[2m/src/index.css, /src/pages/SalesPage.jsx, /src/pages/ReportsPage.jsx, /src/pages/SettingsPage.jsx, /src/components/RefundModal.jsx[22m
[2m09:05:25[22m [36m[1m[vite][22m[39m [90m[2m(client)[22m[39m [32mhmr update [39m[2m/src/index.css, /src/pages/SalesPage.jsx, /src/pages/ReportsPage.jsx, /src/pages/SettingsPage.jsx, /src/components/RefundModal.jsx[22m
[2m09:08:00[22m [36m[1m[vite][22m[39m [90m[2m(client)[22m[39m [32mhmr update [39m[2m/src/index.css, /src/pages/SalesPage.jsx, /src/pages/ReportsPage.jsx, /src/pages/SettingsPage.jsx, /src/components/RefundModal.jsx[22m
[2m09:10:59[22m [36m[1m[vite][22m[39m [90m[2m(client)[22m[39m [32mhmr update [39m[2m/src/index.css, /src/pages/SalesPage.jsx, /src/pages/ReportsPage.jsx, /src/pages/SettingsPage.jsx, /src/components/RefundModal.jsx[22m
[2m09:11:28[22m [36m[1m[vite][22m[39m [90m[2m(client)[22m[39m [32mhmr update [39m[2m/src/index.css, /src/pages/SalesPage.jsx, /src/pages/ReportsPage.jsx, /src/pages/SettingsPage.jsx, /src/components/RefundModal.jsx[22m
[2m09:12:20[22m [36m[1m[vite][22m[39m [90m[2m(client)[22m[39m [32mhmr update [39m[2m/src/index.css, /src/pages/SalesPage.jsx, /src/pages/ReportsPage.jsx, /src/pages/SettingsPage.jsx, /src/components/RefundModal.jsx[22m
[2m09:12:47[22m [36m[1m[vite][22m[39m [90m[2m(client)[22m[39m [32mhmr update [39m[2m/src/index.css, /src/pages/SalesPage.jsx, /src/pages/ReportsPage.jsx, /src/pages/SettingsPage.jsx, /src/components/RefundModal.jsx[22m
[2m09:13:20[22m [36m[1m[vite][22m[39m [90m[2m(client)[22m[39m [32mhmr update [39m[2m/src/index.css, /src/pages/SalesPage.jsx, /src/pages/ReportsPage.jsx, /src/pages/SettingsPage.jsx, /src/components/RefundModal.jsx[22m
[2m09:14:08[22m [36m[1m[vite][22m[39m [90m[2m(client)[22m[39m [32mhmr update [39m[2m/src/index.css, /src/pages/SalesPage.jsx, /src/pages/ReportsPage.jsx, /src/pages/SettingsPage.jsx, /src/components/RefundModal.jsx[22m
[2m09:14:08[22m [36m[1m[vite][22m[39m [90m[2m(client)[22m[39m [32mhmr update [39m[2m/src/index.css, /src/pages/SalesPage.jsx, /src/pages/ReportsPage.jsx, /src/pages/SettingsPage.jsx, /src/components/RefundModal.jsx[22m
[2m09:14:30[22m [36m[1m[vite][22m[39m [90m[2m(client)[22m[39m [32mhmr update [39m[2m/src/pages/SettingsPage.jsx, /src/index.css[22m
[2m09:14:30[22m [36m[1m[vite][22m[39m [90m[2m(client)[22m[39m [32mhmr update [39m[2m/src/pages/SettingsPage.jsx, /src/index.css[22m
[2m09:15:03[22m [36m[1m[vite][22m[39m [90m[2m(client)[22m[39m [32mhmr update [39m[2m/src/pages/SettingsPage.jsx, /src/index.css[22m
[2m09:37:58[22m [36m[1m[vite][22m[39m [90m[2m(client)[22m[39m [32mhmr update [39m[2m/src/index.css, /src/pages/SalesPage.jsx, /src/pages/ReportsPage.jsx, /src/pages/SettingsPage.jsx, /src/components/RefundModal.jsx[22m
